#==================================================#
 num nodes:  2
 num tasks:  6
 cpus per task:  24
 nodes used:  node[0033,0035]
 job cpus used:  144(x2)
#==================================================#
cp: -r not specified; omitting directory '../run_0'
cp: -r not specified; omitting directory '../run_2'
cp: -r not specified; omitting directory '../run_4'
WARNING: Simulation box increased due to particles being too close to the boundaries.
WARNING: Simulation box increased due to particles being too close to the boundaries.
WARNING: Simulation box increased due to particles being too close to the boundaries.
WARNING: Simulation box increased due to particles being too close to the boundaries.
WARNING: Simulation box increased due to particles being too close to the boundaries.
WARNING: Simulation box increased due to particles being too close to the boundaries.
# Running single-site MD simulation.

container                        :  [LinkedCells, VarVerletListsAsBuild, VerletLists, VerletListsCells, PairwiseVerletLists]
fastParticlesThrow               :  true
verlet-rebuild-frequency         :  10
verlet-skin-radius-per-timestep  :  0.06
selector-strategy                :  Fastest-Mean-Value
tuning-strategies                :  []
tuning-metric                    :  time
tuning-interval                  :  1000
tuning-samples                   :  10
use-LOESS-smoothening            :  false
PairwiseInteraction:             
  functor                        :  Lennard-Jones (12-6) AVX intrinsics
  traversal                      :  [lc_c01, lc_c01_combined_SoA, lc_c04, lc_c04_HCP, lc_c04_combined_SoA, lc_c08, lc_c18, lc_sliced, lc_sliced_c02, vl_list_iteration, vlc_c01, vlc_c18, vlc_c08, vlc_sliced, vlc_sliced_c02, vlp_c01, vlp_c18, vlp_sliced, vlp_sliced_c02]
  data-layout                    :  [AoS, SoA]
  newton3                        :  [disabled, enabled]
cutoff                           :  3
box-min                          :  [-0.5, 0, -0.5]
box-max                          :  [120.5, 480, 120.5]
cell-size                        :  [1]
deltaT                           :  0.00182367
pause-simulation-during-tuning   :  false
sorting-threshold                :  8
iterations                       :  100000
boundary-type                    :  [periodic, periodic, periodic]
Sites:                           
  0:
    epsilon                      :  1
    sigma                        :  1
    nu                           :  0
    mass                         :  1
Objects:                         
  CubeUniform:
    0:  
      numberOfParticles          :  100
      box-length                 :  [120, 230, 120]
      bottomLeftCorner           :  [0, 0, 0]
      velocity                   :  [0, 0, 0]
      particle-type-id           :  0
  CubeUniform:
    1:  
      numberOfParticles          :  100
      box-length                 :  [120, 230, 120]
      bottomLeftCorner           :  [0, 250, 0]
      velocity                   :  [0, 0, 0]
      particle-type-id           :  0
  CubeClosestPacked:
    0:  
      particle-spacing           :  1
      box-length                 :  [120, 18, 120]
      bottomLeftCorner           :  [0, 231, 0]
      velocity                   :  [0, 0, 0]
      particle-type-id           :  0
use-tuning-logger                :  false
output-suffix                    :  
log-level                        :  info
no-end-config                    :  true
no-progress-bar                  :  true
load-balancer                    :  None
load-balancing-interval          :  1000
subdivide-dimension              :  [false, true, false]


Using 24 Threads
MPI is running with 6 ranks.
[2025-04-10 14:24:29.505] [AutoPasLog] [info] [AutoPasImpl.h:70] AutoPas Version: 3.0.0-a3b2acc
[2025-04-10 14:24:29.506] [AutoPasLog] [info] [AutoPasImpl.h:71] Compiled with  : GCC 13.2.0
Number of particles at initialization on rank 1: 44
Number of particles at initialization on rank 2: 194062
Number of particles at initialization on rank 3: 176428
Number of particles at initialization on rank 4: 46
Number of particles at initialization on rank 0: 34
Number of particles at initialization globally : 370640
Number of particles at initialization on rank 5: 26


Total number of particles at the end of Simulation: 477037
Owned: 370640
Halo : 106397
Measurements:
Total accumulated                  : 35091152589299 ns (35091.153s)
  Initialization                   :     1280538471 ns (    1.281s) =  0.004%
  Simulate                         : 35089872045188 ns (35089.872s) = 99.996%
    PositionUpdate                 :   100026920967 ns (  100.027s) =  0.285%
    UpdateContainer                :   202072386639 ns (  202.072s) =  0.576%
    Boundaries                     : 23457509732053 ns (23457.510s) = 66.850%
      HaloParticleExchange         : 11854363419671 ns (11854.363s) = 50.535%
      ReflectParticlesAtBoundaries :      140362605 ns (    0.140s) =  0.001%
      MigratingParticleExchange    : 11603146312382 ns (11603.146s) = 49.464%
    ForceUpdateTotal               : 11219320257329 ns (11219.320s) = 31.973%
      Tuning                       : 10053390971330 ns (10053.391s) = 89.608%
      ForceUpdateTuning            : 10053390971330 ns (10053.391s) = 89.608%
      ForceUpdateNonTuning         :  1165537099735 ns ( 1165.537s) = 10.389%
    VelocityUpdate                 :   109183256192 ns (  109.183s) =  0.311%
    LoadBalancing                  :      181921042 ns (    0.182s) =  0.001%
One iteration                      :      350898720 ns (    0.351s) =  0.001%
Total wall-clock time              :  5848527045851 ns ( 5848.527s) = 16.667%

Tuning iterations                  : 63000 / 100000 = 63%
MFUPs/sec                          : 1.48482
